leo_amv@leo:~$ sudo iptables -L -nv
Chain INPUT (policy ACCEPT 0 packets, 0 bytes)
 pkts bytes target     prot opt in     out     source               destination         

Chain FORWARD (policy ACCEPT 0 packets, 0 bytes)
 pkts bytes target     prot opt in     out     source               destination         

Chain OUTPUT (policy ACCEPT 0 packets, 0 bytes)
 pkts bytes target     prot opt in     out     source               destination         
leo_amv@leo:~$ iptables -A INPUT -p tcp --dport 80,22 -j ACCEPT
iptables v1.8.7 (nf_tables): unknown option "--dport"
Try `iptables -h' or 'iptables --help' for more information.
leo_amv@leo:~$ iptables --help
iptables v1.8.7

Usage: iptables -[ACD] chain rule-specification [options]
	iptables -I chain [rulenum] rule-specification [options]
	iptables -R chain rulenum rule-specification [options]
	iptables -D chain rulenum [options]
	iptables -[LS] [chain [rulenum]] [options]
	iptables -[FZ] [chain] [options]
	iptables -[NX] chain
	iptables -E old-chain-name new-chain-name
	iptables -P chain target [options]
	iptables -h (print this help information)

Commands:
Either long or short options are allowed.
  --append  -A chain		Append to chain
  --check   -C chain		Check for the existence of a rule
  --delete  -D chain		Delete matching rule from chain
  --delete  -D chain rulenum
				Delete rule rulenum (1 = first) from chain
  --insert  -I chain [rulenum]
				Insert in chain as rulenum (default 1=first)
  --replace -R chain rulenum
				Replace rule rulenum (1 = first) in chain
  --list    -L [chain [rulenum]]
				List the rules in a chain or all chains
  --list-rules -S [chain [rulenum]]
				Print the rules in a chain or all chains
  --flush   -F [chain]		Delete all rules in  chain or all chains
  --zero    -Z [chain [rulenum]]
				Zero counters in chain or all chains
  --new     -N chain		Create a new user-defined chain
  --delete-chain
	     -X [chain]		Delete a user-defined chain
  --policy  -P chain target
				Change policy on chain to target
  --rename-chain
	     -E old-chain new-chain
				Change chain name, (moving any references)
Options:
    --ipv4	-4		Nothing (line is ignored by ip6tables-restore)
    --ipv6	-6		Error (line is ignored by iptables-restore)
[!] --proto	-p proto	protocol: by number or name, eg. `tcp'
[!] --source	-s address[/mask][...]
				source specification
[!] --destination -d address[/mask][...]
				destination specification
[!] --in-interface -i input name[+]
				network interface name ([+] for wildcard)
 --jump	-j target
				target for rule (may load target extension)
  --goto      -g chain
			       jump to chain with no return
  --match	-m match
				extended match (may load extension)
  --numeric	-n		numeric output of addresses and ports
[!] --out-interface -o output name[+]
				network interface name ([+] for wildcard)
  --table	-t table	table to manipulate (default: `filter')
  --verbose	-v		verbose mode
  --wait	-w [seconds]	maximum wait to acquire xtables lock before give up
  --wait-interval -W [usecs]	wait time to try to acquire xtables lock
				default is 1 second
  --line-numbers		print line numbers when listing
  --exact	-x		expand numbers (display exact values)
[!] --fragment	-f		match second or further fragments only
  --modprobe=<command>		try to insert modules using this command
  --set-counters PKTS BYTES	set the counter during insert/append
[!] --version	-V		print package version.
iptables v1.8.7 (nf_tables): Could not fetch rule set generation id: Permission denied (you must be root)

leo_amv@leo:~$ sudo iptables -A INPUT -p tcp --dport 80,22 -j ACCEPT
iptables v1.8.7 (nf_tables): invalid port/service `80,22' specified
Try `iptables -h' or 'iptables --help' for more information.
leo_amv@leo:~$ sudo iptables -A INPUT -p tcp --dport 80 -j ACCEPT
leo_amv@leo:~$ sudo iptables -A INPUT -p tcp --dport 22 -j ACCEPT
leo_amv@leo:~$ sudo iptables -L -nv
Chain INPUT (policy ACCEPT 0 packets, 0 bytes)
 pkts bytes target     prot opt in     out     source               destination         
    0     0 ACCEPT     tcp  --  *      *       0.0.0.0/0            0.0.0.0/0            tcp dpt:80
    0     0 ACCEPT     tcp  --  *      *       0.0.0.0/0            0.0.0.0/0            tcp dpt:22

Chain FORWARD (policy ACCEPT 0 packets, 0 bytes)
 pkts bytes target     prot opt in     out     source               destination         

Chain OUTPUT (policy ACCEPT 0 packets, 0 bytes)
 pkts bytes target     prot opt in     out     source               destination         
leo_amv@leo:~$ sudo iptables -P INPUT DROP
leo_amv@leo:~$ sudo iptables -L -nv
Chain INPUT (policy DROP 0 packets, 0 bytes)
 pkts bytes target     prot opt in     out     source               destination         
    0     0 ACCEPT     tcp  --  *      *       0.0.0.0/0            0.0.0.0/0            tcp dpt:80
    0     0 ACCEPT     tcp  --  *      *       0.0.0.0/0            0.0.0.0/0            tcp dpt:22

Chain FORWARD (policy ACCEPT 0 packets, 0 bytes)
 pkts bytes target     prot opt in     out     source               destination         

Chain OUTPUT (policy ACCEPT 0 packets, 0 bytes)
 pkts bytes target     prot opt in     out     source               destination         
leo_amv@leo:~$ sudo iptables -t nat -I PREROUTING -p tcp --dport 80 -j REDIRECT --to-port 8080
leo_amv@leo:~$ sudo iptables -L -nv
Chain INPUT (policy DROP 259 packets, 43637 bytes)
 pkts bytes target     prot opt in     out     source               destination         
    0     0 ACCEPT     tcp  --  *      *       0.0.0.0/0            0.0.0.0/0            tcp dpt:80
    0     0 ACCEPT     tcp  --  *      *       0.0.0.0/0            0.0.0.0/0            tcp dpt:22

Chain FORWARD (policy ACCEPT 0 packets, 0 bytes)
 pkts bytes target     prot opt in     out     source               destination         

Chain OUTPUT (policy ACCEPT 0 packets, 0 bytes)
 pkts bytes target     prot opt in     out     source               destination         
leo_amv@leo:~$ sudo iptables -L -t nat
Chain PREROUTING (policy ACCEPT)
target     prot opt source               destination         
REDIRECT   tcp  --  anywhere             anywhere             tcp dpt:http redir ports 8080

Chain INPUT (policy ACCEPT)
target     prot opt source               destination         

Chain OUTPUT (policy ACCEPT)
target     prot opt source               destination         

Chain POSTROUTING (policy ACCEPT)
target     prot opt source               destination         
leo_amv@leo:~$ sudo iptables -p tcp -s 3.4.5.6 -j DROP
iptables v1.8.7 (nf_tables): no command specified
Try `iptables -h' or 'iptables --help' for more information.
leo_amv@leo:~$ sudo iptables -A INPUT -p tcp -s 3.4.5.6 -j DROP
leo_amv@leo:~$ sudo iptables -L -nv
Chain INPUT (policy DROP 323 packets, 57967 bytes)
 pkts bytes target     prot opt in     out     source               destination         
    0     0 ACCEPT     tcp  --  *      *       0.0.0.0/0            0.0.0.0/0            tcp dpt:80
    0     0 ACCEPT     tcp  --  *      *       0.0.0.0/0            0.0.0.0/0            tcp dpt:22
    0     0 DROP       tcp  --  *      *       3.4.5.6              0.0.0.0/0           

Chain FORWARD (policy ACCEPT 0 packets, 0 bytes)
 pkts bytes target     prot opt in     out     source               destination         

Chain OUTPUT (policy ACCEPT 0 packets, 0 bytes)
 pkts bytes target     prot opt in     out     source               destination         
leo_amv@leo:~$ sudo iptables -t nat -R PREROUTING -p tcp --dport 80 -j REDIRECT --to-port 8080
iptables v1.8.7 (nf_tables): -R requires a rule number
Try `iptables -h' or 'iptables --help' for more information.
leo_amv@leo:~$ sudo iptables -t nat -R 1
iptables v1.8.7 (nf_tables): -R requires a rule number
Try `iptables -h' or 'iptables --help' for more information.
leo_amv@leo:~$ sudo iptables -L
Chain INPUT (policy DROP)
target     prot opt source               destination         
ACCEPT     tcp  --  anywhere             anywhere             tcp dpt:http
ACCEPT     tcp  --  anywhere             anywhere             tcp dpt:ssh
DROP       tcp  --  3.4.5.6              anywhere            

Chain FORWARD (policy ACCEPT)
target     prot opt source               destination         

Chain OUTPUT (policy ACCEPT)
target     prot opt source               destination         
leo_amv@leo:~$ sudo iptables -t nat -R -I PREROUTING -p tcp --dport 80 -j REDIRECT --to-port 8080
iptables v1.8.7 (nf_tables): Invalid rule number `PREROUTING'
Try `iptables -h' or 'iptables --help' for more information.
leo_amv@leo:~$ sudo iptables -t nat -R PREROUTING 1
leo_amv@leo:~$ sudo iptables -t nat -L
Chain PREROUTING (policy ACCEPT)
target     prot opt source               destination         
           all  --  anywhere             anywhere            

Chain INPUT (policy ACCEPT)
target     prot opt source               destination         

Chain OUTPUT (policy ACCEPT)
target     prot opt source               destination         

Chain POSTROUTING (policy ACCEPT)
target     prot opt source               destination         
leo_amv@leo:~$ sudo iptables -t nat -F
leo_amv@leo:~$ sudo iptables -t nat -L
Chain PREROUTING (policy ACCEPT)
target     prot opt source               destination         

Chain INPUT (policy ACCEPT)
target     prot opt source               destination         

Chain OUTPUT (policy ACCEPT)
target     prot opt source               destination         

Chain POSTROUTING (policy ACCEPT)
target     prot opt source               destination         
leo_amv@leo:~$ sudo iptables -F
leo_amv@leo:~$ sudo iptables -L
Chain INPUT (policy DROP)
target     prot opt source               destination         

Chain FORWARD (policy ACCEPT)
target     prot opt source               destination         

Chain OUTPUT (policy ACCEPT)
target     prot opt source               destination         
leo_amv@leo:~$ sudo iptables -P ACCEPT
iptables v1.8.7 (nf_tables): -P requires a chain and a policy
Try `iptables -h' or 'iptables --help' for more information.
leo_amv@leo:~$ sudo iptables -P INPUT ACCEPT
leo_amv@leo:~$ sudo iptables -L
Chain INPUT (policy ACCEPT)
target     prot opt source               destination         

Chain FORWARD (policy ACCEPT)
target     prot opt source               destination         

Chain OUTPUT (policy ACCEPT)
target     prot opt source               destination         
leo_amv@leo:~$ mc

leo_amv@leo:~$ ps
    PID TTY          TIME CMD
   4961 pts/1    00:00:00 bash
   4976 pts/1    00:00:00 ps
leo_amv@leo:~$ ps --help

Использование:
 ps [опции]

 Попробуйте 'ps --help <simple|list|output|threads|misc|all>'
  или 'ps --help <s|l|o|t|m|a>'
 для дополнительной справки.

Для дополнительных подробностей смотрите ps(1).
leo_amv@leo:~$ ps mc
    PID TTY      STAT   TIME COMMAND
   1675 tty2     -      0:00 gdm-wayland-ses
      - -        Ssl+   0:00 -
      - -        Ssl+   0:00 -
      - -        Ssl+   0:00 -
   1678 tty2     -      0:00 gnome-session-b
      - -        Sl+    0:00 -
      - -        Sl+    0:00 -
      - -        Sl+    0:00 -
   3381 pts/0    -      0:00 bash
      - -        Ss     0:00 -
   4919 pts/0    -      0:00 mc
      - -        R+     0:00 -
   4961 pts/1    -      0:00 bash
      - -        Ss     0:00 -
   4982 pts/1    -      0:00 ps
      - -        R+     0:00 -
leo_amv@leo:~$ ps 4919
    PID TTY      STAT   TIME COMMAND
   4919 pts/0    S+     0:00 mc
leo_amv@leo:~$ kill 4919
Завершено
leo_amv@leo:~$ ps mc
    PID TTY      STAT   TIME COMMAND
   1675 tty2     -      0:00 gdm-wayland-ses
      - -        Ssl+   0:00 -
      - -        Ssl+   0:00 -
      - -        Ssl+   0:00 -
   1678 tty2     -      0:00 gnome-session-b
      - -        Sl+    0:00 -
      - -        Sl+    0:00 -
      - -        Sl+    0:00 -
   3381 pts/0    -      0:00 bash
      - -        Ss     0:00 -
   4984 pts/0    -      0:00 ps
      - -        R+     0:00 -
leo_amv@leo:~$
